{
  "description" : "App startup latency in milliseconds",
  "label_keys" : [
    {
      "description" : "",
      "key" : "app.start.state"
    }
  ],
  "name" : "app.startup.latency.ms",
  "type" : 1,
  "unit" : "ms"
}