Spans: 2, root: Span wrcwrwrewr name: TraceModel finish, traceId: gs45634tttre, start: 1:00:00 AM, end: 1:02:03 AM