Spans: 1, root: Span 31444d675946645a name: TraceModel start, traceId: 7530566f6638343046575a6c7761594d, start: 1:00:00 AM, end: Unknown