{
  "description" : "Network response size in bytes",
  "label_keys" : [
    {
      "description" : "",
      "key" : "http.method"
    },
    {
      "description" : "",
      "key" : "http.status_code"
    },
    {
      "description" : "",
      "key" : "http.url"
    }
  ],
  "name" : "app.response.size.bytes",
  "type" : 1,
  "unit" : "bytes"
}